<html>
<body>
<pre>
<h1>µVision Build Log</h1>
<h2>Tool Versions:</h2>
IDE-Version: ¶ÃVision V5.24.2.0
Copyright (C) 2017 ARM Ltd and ARM Germany GmbH. All rights reserved.
License Information: 1 ¿Ó¡ËÃŒ, 2, LIC=S5IVE-5P2CF-AWR2F-6Q0YX-59IMI-5KG5Q
 
Tool Versions:
Toolchain:       MDK-ARM Professional  Version: 5.24.1
Toolchain Path:  D:\32 keil\ARM\ARMCC\Bin
C Compiler:      Armcc.exe V5.06 update 5 (build 528)
Assembler:       Armasm.exe V5.06 update 5 (build 528)
Linker/Locator:  ArmLink.exe V5.06 update 5 (build 528)
Library Manager: ArmAr.exe V5.06 update 5 (build 528)
Hex Converter:   FromElf.exe V5.06 update 5 (build 528)
CPU DLL:         SARMCM3.DLL V5.24.1
Dialog DLL:      DCM.DLL V1.16.0.0
Target DLL:      STLink\ST-LINKIII-KEIL_SWO.dll V3.0.1.0
Dialog DLL:      TCM.DLL V1.32.0.0
 
<h2>Project:</h2>
C:\Users\¿Ó¡ËÃŒ\Documents\GitHub\w25q-F103-\103bootloader\MDK-ARM\103bootloader.uvprojx
Project File Date:  01/26/2024

<h2>Output:</h2>
*** Using Compiler 'V5.06 update 5 (build 528)', folder: 'D:\32 keil\ARM\ARMCC\Bin'
Build target '103bootloader'
compiling W25Q.c...
..\Core\Src\W25Q.c(115): warning:  #177-D: variable "i"  was declared but never referenced
   	uint16_t i; 
..\Core\Src\W25Q.c(132): warning:  #177-D: variable "i"  was declared but never referenced
   	uint32_t i; 
..\Core\Src\W25Q.c: 2 warnings, 0 errors
compiling main.c...
../Core/Src/main.c(95): warning:  #550-D: variable "a1"  was set but never used
  	uint8_t a1[]={"LLT SPI TEST"};
../Core/Src/main.c(98): warning:  #177-D: variable "b"  was declared but never referenced
  	uint8_t b[SIZE];
../Core/Src/main.c(99): warning:  #177-D: variable "OperAddr"  was declared but never referenced
  	uint32_t OperAddr = 0x000000;
../Core/Src/main.c: 3 warnings, 0 errors
linking...
Program Size: Code=4880 RO-data=312 RW-data=16 ZI-data=1864  
FromELF: creating hex file...
After Build - User command #1: "D:\32 keil\ARM\ARMCC\bin\fromelf.exe" --bin --output .OBJ\bootloader.bin "D:\32 keil\bootloder\103bootloader\MDK-ARM\103bootloader\103bootloader.axf"
"D:\32 keil\bootloder\103bootloader\MDK-ARM\103bootloader\103bootloader.axf": Error: Q0122E: Could not open file 'D:\32 keil\bootloder\103bootloader\MDK-ARM\103bootloader\103bootloader.axf': No such file or directory
Finished: 0 information, 0 warning and 1 error messages.
".\103bootloader\103bootloader.axf" - 0 Error(s), 5 Warning(s).

<h2>Software Packages used:</h2>

Package Vendor: ARM
                http://www.keil.com/pack/ARM.CMSIS.5.0.1.pack
                ARM.CMSIS.5.0.1
                CMSIS (Cortex Microcontroller Software Interface Standard)
   * Component: CORE Version: 5.0.1

Package Vendor: Keil
                http://www.keil.com/pack/Keil.STM32F1xx_DFP.2.2.0.pack
                Keil.STM32F1xx_DFP.2.2.0
                STMicroelectronics STM32F1 Series Device Support, Drivers and Examples

<h2>Collection of Component include folders:</h2>
  .\RTE\_103bootloader
  D:\32 keil\ARM\PACK\ARM\CMSIS\5.0.1\CMSIS\Include
  D:\32 keil\ARM\PACK\Keil\STM32F1xx_DFP\2.2.0\Device\Include

<h2>Collection of Component Files used:</h2>

   * Component: ARM::CMSIS:CORE:5.0.1
Build Time Elapsed:  00:00:04
</pre>
</body>
</html>
